    [tweedie t_idx=10] alpha_t=0.0438  SNR=0.046  (1/sqrt(alpha)=4.78x amplification)
memo_proxy(↓=mitigate): 0.474071  loss_memo: 0.474071  loss_align: 0.000000
    [adj] step  9->0: |g|=1.979511e-01  |g_prev|=2.082167e-01  ratio(step)=0.9507  ratio(to terminal)=0.950698
    [adj] step  8->0: |g|=2.097686e-01  |g_prev|=1.979511e-01  ratio(step)=1.0597  ratio(to terminal)=1.007453
    [adj] step  7->0: |g|=2.494587e-01  |g_prev|=2.097686e-01  ratio(step)=1.1892  ratio(to terminal)=1.198072
    [adj] step  6->0: |g|=2.851380e-01  |g_prev|=2.494587e-01  ratio(step)=1.1430  ratio(to terminal)=1.369429
    [adj] step  5->0: |g|=3.271037e-01  |g_prev|=2.851380e-01  ratio(step)=1.1472  ratio(to terminal)=1.570977
    [adj] step  4->0: |g|=3.528836e-01  |g_prev|=3.271037e-01  ratio(step)=1.0788  ratio(to terminal)=1.694790
    [adj] step  3->0: |g|=4.265172e-01  |g_prev|=3.528836e-01  ratio(step)=1.2087  ratio(to terminal)=2.048429
    [adj] step  2->0: |g|=5.381634e-01  |g_prev|=4.265172e-01  ratio(step)=1.2618  ratio(to terminal)=2.584631
    [adj] step  1->0: |g|=6.517995e-01  |g_prev|=5.381634e-01  ratio(step)=1.2112  ratio(to terminal)=3.130390
    [adj] step  0->0: |g|=7.390618e-01  |g_prev|=6.517995e-01  ratio(step)=1.1339  ratio(to terminal)=3.549484
    [opt-adj] step 10: memo=0.474071 align=0.000000 |g_xT|=0.7391 |dxT|=3.8398
    [tweedie t_idx=13] alpha_t=0.0711  SNR=0.076  (1/sqrt(alpha)=3.75x amplification)
memo_proxy(↓=mitigate): 0.686738  loss_memo: 0.686738  loss_align: 4.259322
    [adj] step 12->0: |g|=3.844281e-01  |g_prev|=4.579929e-01  ratio(step)=0.8394  ratio(to terminal)=0.839376
    [adj] step 11->0: |g|=3.862894e-01  |g_prev|=3.844281e-01  ratio(step)=1.0048  ratio(to terminal)=0.843440
    [adj] step 10->0: |g|=4.051925e-01  |g_prev|=3.862894e-01  ratio(step)=1.0489  ratio(to terminal)=0.884714
    [adj] step  9->0: |g|=4.275641e-01  |g_prev|=4.051925e-01  ratio(step)=1.0552  ratio(to terminal)=0.933561
    [adj] step  8->0: |g|=4.668226e-01  |g_prev|=4.275641e-01  ratio(step)=1.0918  ratio(to terminal)=1.019279
    [adj] step  7->0: |g|=4.620489e-01  |g_prev|=4.668226e-01  ratio(step)=0.9898  ratio(to terminal)=1.008856
    [adj] step  6->0: |g|=4.438623e-01  |g_prev|=4.620489e-01  ratio(step)=0.9606  ratio(to terminal)=0.969147
    [adj] step  5->0: |g|=4.407035e-01  |g_prev|=4.438623e-01  ratio(step)=0.9929  ratio(to terminal)=0.962250
    [adj] step  4->0: |g|=4.375159e-01  |g_prev|=4.407035e-01  ratio(step)=0.9928  ratio(to terminal)=0.955290
    [adj] step  3->0: |g|=4.540826e-01  |g_prev|=4.375159e-01  ratio(step)=1.0379  ratio(to terminal)=0.991462
    [adj] step  2->0: |g|=4.708202e-01  |g_prev|=4.540826e-01  ratio(step)=1.0369  ratio(to terminal)=1.028008
    [adj] step  1->0: |g|=4.853481e-01  |g_prev|=4.708202e-01  ratio(step)=1.0309  ratio(to terminal)=1.059729
    [adj] step  0->0: |g|=5.005518e-01  |g_prev|=4.853481e-01  ratio(step)=1.0313  ratio(to terminal)=1.092925
    [opt-adj] step 13: memo=0.686738 align=4.259322 |g_xT|=0.5006 |dxT|=6.0772
    [tweedie t_idx=16] alpha_t=0.1095  SNR=0.123  (1/sqrt(alpha)=3.02x amplification)
memo_proxy(↓=mitigate): 0.843648  loss_memo: 0.843648  loss_align: 3.312106
    [adj] step 15->0: |g|=2.749305e-01  |g_prev|=3.084460e-01  ratio(step)=0.8913  ratio(to terminal)=0.891341
    [adj] step 14->0: |g|=2.740951e-01  |g_prev|=2.749305e-01  ratio(step)=0.9970  ratio(to terminal)=0.888633
    [adj] step 13->0: |g|=2.993549e-01  |g_prev|=2.740951e-01  ratio(step)=1.0922  ratio(to terminal)=0.970526
    [adj] step 12->0: |g|=3.258018e-01  |g_prev|=2.993549e-01  ratio(step)=1.0883  ratio(to terminal)=1.056269
    [adj] step 11->0: |g|=3.124458e-01  |g_prev|=3.258018e-01  ratio(step)=0.9590  ratio(to terminal)=1.012968
    [adj] step 10->0: |g|=3.352865e-01  |g_prev|=3.124458e-01  ratio(step)=1.0731  ratio(to terminal)=1.087019
    [adj] step  9->0: |g|=4.034354e-01  |g_prev|=3.352865e-01  ratio(step)=1.2033  ratio(to terminal)=1.307961
    [adj] step  8->0: |g|=4.868637e-01  |g_prev|=4.034354e-01  ratio(step)=1.2068  ratio(to terminal)=1.578441
    [adj] step  7->0: |g|=6.133850e-01  |g_prev|=4.868637e-01  ratio(step)=1.2599  ratio(to terminal)=1.988630
    [adj] step  6->0: |g|=9.178532e-01  |g_prev|=6.133850e-01  ratio(step)=1.4964  ratio(to terminal)=2.975734
    [adj] step  5->0: |g|=8.414699e-01  |g_prev|=9.178532e-01  ratio(step)=0.9168  ratio(to terminal)=2.728095
    [adj] step  4->0: |g|=8.077391e-01  |g_prev|=8.414699e-01  ratio(step)=0.9599  ratio(to terminal)=2.618738
    [adj] step  3->0: |g|=8.544807e-01  |g_prev|=8.077391e-01  ratio(step)=1.0579  ratio(to terminal)=2.770277
    [adj] step  2->0: |g|=9.243335e-01  |g_prev|=8.544807e-01  ratio(step)=1.0817  ratio(to terminal)=2.996744
    [adj] step  1->0: |g|=9.926400e-01  |g_prev|=9.243335e-01  ratio(step)=1.0739  ratio(to terminal)=3.218197
    [adj] step  0->0: |g|=1.073572e+00  |g_prev|=9.926400e-01  ratio(step)=1.0815  ratio(to terminal)=3.480583
    [opt-adj] step 16: memo=0.843648 align=3.312106 |g_xT|=1.0736 |dxT|=7.6765
    [tweedie t_idx=19] alpha_t=0.1608  SNR=0.192  (1/sqrt(alpha)=2.49x amplification)
memo_proxy(↓=mitigate): 0.757855  loss_memo: 0.757855  loss_align: 2.989079
    [adj] step 18->0: |g|=5.334017e-01  |g_prev|=5.831808e-01  ratio(step)=0.9146  ratio(to terminal)=0.914642
    [adj] step 17->0: |g|=5.346326e-01  |g_prev|=5.334017e-01  ratio(step)=1.0023  ratio(to terminal)=0.916753
    [adj] step 16->0: |g|=5.559396e-01  |g_prev|=5.346326e-01  ratio(step)=1.0399  ratio(to terminal)=0.953288
    [adj] step 15->0: |g|=5.699809e-01  |g_prev|=5.559396e-01  ratio(step)=1.0253  ratio(to terminal)=0.977366
    [adj] step 14->0: |g|=5.778537e-01  |g_prev|=5.699809e-01  ratio(step)=1.0138  ratio(to terminal)=0.990865
    [adj] step 13->0: |g|=6.052650e-01  |g_prev|=5.778537e-01  ratio(step)=1.0474  ratio(to terminal)=1.037868
    [adj] step 12->0: |g|=6.408492e-01  |g_prev|=6.052650e-01  ratio(step)=1.0588  ratio(to terminal)=1.098886
    [adj] step 11->0: |g|=6.680930e-01  |g_prev|=6.408492e-01  ratio(step)=1.0425  ratio(to terminal)=1.145602
    [adj] step 10->0: |g|=6.940503e-01  |g_prev|=6.680930e-01  ratio(step)=1.0389  ratio(to terminal)=1.190112
    [adj] step  9->0: |g|=7.240915e-01  |g_prev|=6.940503e-01  ratio(step)=1.0433  ratio(to terminal)=1.241624
    [adj] step  8->0: |g|=7.566603e-01  |g_prev|=7.240915e-01  ratio(step)=1.0450  ratio(to terminal)=1.297471
    [adj] step  7->0: |g|=7.816741e-01  |g_prev|=7.566603e-01  ratio(step)=1.0331  ratio(to terminal)=1.340363
    [adj] step  6->0: |g|=7.970784e-01  |g_prev|=7.816741e-01  ratio(step)=1.0197  ratio(to terminal)=1.366777
    [adj] step  5->0: |g|=8.088633e-01  |g_prev|=7.970784e-01  ratio(step)=1.0148  ratio(to terminal)=1.386985
    [adj] step  4->0: |g|=7.920530e-01  |g_prev|=8.088633e-01  ratio(step)=0.9792  ratio(to terminal)=1.358160
    [adj] step  3->0: |g|=8.088655e-01  |g_prev|=7.920530e-01  ratio(step)=1.0212  ratio(to terminal)=1.386989
    [adj] step  2->0: |g|=8.494681e-01  |g_prev|=8.088655e-01  ratio(step)=1.0502  ratio(to terminal)=1.456612
    [adj] step  1->0: |g|=9.055504e-01  |g_prev|=8.494681e-01  ratio(step)=1.0660  ratio(to terminal)=1.552778
    [adj] step  0->0: |g|=9.599404e-01  |g_prev|=9.055504e-01  ratio(step)=1.0601  ratio(to terminal)=1.646042
    [opt-adj] step 19: memo=0.757855 align=2.989079 |g_xT|=0.9599 |dxT|=9.1344
